Configuration on demand is an incubating feature.
> Task :modules:rhino:preBuild UP-TO-DATE
> Task :modules:book:preBuild UP-TO-DATE
> Task :modules:book:preDebugBuild UP-TO-DATE
> Task :modules:rhino:preDebugBuild UP-TO-DATE
> Task :modules:book:generateDebugResources UP-TO-DATE
> Task :modules:rhino:generateDebugResources UP-TO-DATE
> Task :modules:rhino:packageDebugResources UP-TO-DATE
> Task :modules:book:packageDebugResources UP-TO-DATE
> Task :modules:rhino:parseDebugLocalResources UP-TO-DATE
> Task :modules:book:parseDebugLocalResources UP-TO-DATE
> Task :modules:book:generateDebugRFile UP-TO-DATE
> Task :modules:rhino:generateDebugRFile UP-TO-DATE
> Task :modules:book:writeDebugAarMetadata UP-TO-DATE
> Task :modules:rhino:writeDebugAarMetadata UP-TO-DATE
> Task :modules:book:extractDeepLinksDebug UP-TO-DATE
> Task :modules:rhino:extractDeepLinksDebug UP-TO-DATE
> Task :modules:book:processDebugManifest UP-TO-DATE
> Task :modules:rhino:processDebugManifest UP-TO-DATE
> Task :modules:book:compileDebugLibraryResources UP-TO-DATE
> Task :modules:book:checkKotlinGradlePluginConfigurationErrors SKIPPED
> Task :modules:rhino:compileDebugLibraryResources UP-TO-DATE
> Task :modules:rhino:checkKotlinGradlePluginConfigurationErrors SKIPPED
> Task :modules:book:compileDebugKotlin NO-SOURCE
> Task :modules:book:javaPreCompileDebug UP-TO-DATE
> Task :modules:book:compileDebugJavaWithJavac UP-TO-DATE
> Task :modules:book:bundleLibCompileToJarDebug UP-TO-DATE
> Task :modules:book:generateDebugAssets UP-TO-DATE
> Task :modules:book:mergeDebugAssets UP-TO-DATE
> Task :modules:book:bundleLibRuntimeToJarDebug UP-TO-DATE
> Task :modules:book:processDebugJavaRes UP-TO-DATE
> Task :modules:book:mergeDebugJniLibFolders UP-TO-DATE
> Task :modules:book:mergeDebugNativeLibs NO-SOURCE
> Task :modules:book:copyDebugJniLibsProjectOnly UP-TO-DATE
> Task :modules:rhino:compileDebugKotlin UP-TO-DATE
> Task :modules:rhino:javaPreCompileDebug UP-TO-DATE
> Task :modules:rhino:compileDebugJavaWithJavac NO-SOURCE
> Task :modules:rhino:bundleLibCompileToJarDebug UP-TO-DATE
> Task :modules:rhino:generateDebugAssets UP-TO-DATE
> Task :modules:rhino:mergeDebugAssets UP-TO-DATE
> Task :modules:rhino:bundleLibRuntimeToJarDebug UP-TO-DATE
> Task :modules:rhino:processDebugJavaRes UP-TO-DATE
> Task :modules:rhino:mergeDebugJniLibFolders UP-TO-DATE
> Task :modules:rhino:mergeDebugNativeLibs NO-SOURCE
> Task :modules:rhino:copyDebugJniLibsProjectOnly UP-TO-DATE
> Task :app:preBuild UP-TO-DATE
> Task :app:preAppDebugBuild UP-TO-DATE
> Task :app:mergeAppDebugNativeDebugMetadata NO-SOURCE
> Task :app:checkKotlinGradlePluginConfigurationErrors SKIPPED
> Task :app:dataBindingMergeDependencyArtifactsAppDebug UP-TO-DATE
> Task :app:generateAppDebugResources UP-TO-DATE
> Task :app:mergeAppDebugResources UP-TO-DATE
> Task :app:packageAppDebugResources UP-TO-DATE
> Task :app:parseAppDebugLocalResources UP-TO-DATE
> Task :app:dataBindingGenBaseClassesAppDebug UP-TO-DATE
> Task :app:generateAppDebugBuildConfig
> Task :app:checkAppDebugAarMetadata UP-TO-DATE
> Task :app:mapAppDebugSourceSetPaths UP-TO-DATE
> Task :app:createAppDebugCompatibleScreenManifests
> Task :app:extractDeepLinksAppDebug UP-TO-DATE
> Task :app:processAppDebugMainManifest
> Task :app:processAppDebugManifest
> Task :app:javaPreCompileAppDebug UP-TO-DATE
> Task :app:generateAppDebugAssets UP-TO-DATE
> Task :app:mergeAppDebugAssets UP-TO-DATE
> Task :app:compressAppDebugAssets UP-TO-DATE
> Task :app:l8DexDesugarLibAppDebug UP-TO-DATE
> Task :app:desugarAppDebugFileDependencies UP-TO-DATE
> Task :app:checkAppDebugDuplicateClasses UP-TO-DATE
> Task :app:mergeExtDexAppDebug UP-TO-DATE
> Task :app:mergeLibDexAppDebug UP-TO-DATE
> Task :app:mergeAppDebugJniLibFolders UP-TO-DATE
> Task :app:mergeAppDebugNativeLibs UP-TO-DATE
> Task :app:stripAppDebugDebugSymbols UP-TO-DATE
> Task :app:validateSigningAppDebug UP-TO-DATE
> Task :app:writeAppDebugAppMetadata UP-TO-DATE
> Task :app:writeAppDebugSigningConfigVersions UP-TO-DATE
> Task :app:processAppDebugManifestForPackage
> Task :app:processAppDebugResources

> Task :app:kspAppDebugKotlin FAILED
e: [ksp] java.lang.IllegalArgumentException: this and base files have different roots: C:\Users\Administrator\.gradle\caches\8.11.1\transforms\0db828fce2c01e265da924953bcd5744\transformed\glide-svg-4.0.2-api.jar!\com\bumptech\glide\annotation\compiler\GlideIndexer_GlideModule_ch_qoqa_glide_svg_SvgLibraryGlideModule.class and E:\Workspace\MyProjects\andriod\legado\app.

> Task :app:copyRoomSchemas NO-SOURCE
62 actionable tasks: 7 executed, 55 up-to-date
